
[1m[7m[36m RUN [39m[27m[22m [36mv3.1.1 [39m[90mC:/Users/HP/Desktop/shipd ai.project[39m

 [32mΓ£ô[39m spec/lib/contentUtils/markdownParser/codeHighlighters/utils/metaParser.test.js[2m > [22mparseMeta[2m > [22mparses simple delimited strings[2m > [22m"a title="my title" b" to [ { key: 'title', value: 'my title', type: 'string' } ][32m 2[2mms[22m[39m
 [32mΓ£ô[39m spec/lib/contentUtils/markdownParser/codeHighlighters/utils/metaParser.test.js[2m > [22mparseMeta[2m > [22mparses simple delimited strings[2m > [22m"a title='my title' b" to [ { key: 'title', value: 'my title', type: 'string' } ][32m 0[2mms[22m[39m
 [32mΓ£ô[39m spec/lib/contentUtils/markdownParser/codeHighlighters/utils/metaParser.test.js[2m > [22mparseMeta[2m > [22mparses simple delimited strings[2m > [22m"a title="my title" b label='a label' c" to [ { key: 'title', value: 'my title', type: 'string' }, { key: 'label', value: 'a label', type: 'string' } ][32m 1[2mms[22m[39m
 [32mΓ£ô[39m spec/lib/contentUtils/markdownParser/codeHighlighters/utils/metaParser.test.js[2m > [22mparseMeta[2m > [22mparses simple delimited strings[2m > [22m"a "my title" b label='a label' c" to [ { key: null, value: 'my title', type: 'string' }, { key: 'label', value: 'a label', type: 'string' } ][32m 0[2mms[22m[39m
 [32mΓ£ô[39m spec/lib/contentUtils/markdownParser/codeHighlighters/utils/metaParser.test.js[2m > [22mparseMeta[2m > [22mparses delimited strings with escapes[2m > [22m"a title="\"cool" b" to [ { key: 'title', value: '"cool', type: 'string' } ][32m 0[2mms[22m[39m
 [32mΓ£ô[39m spec/lib/contentUtils/markdownParser/codeHighlighters/utils/metaParser.test.js[2m > [22mparseMeta[2m > [22mparses delimited strings with escapes[2m > [22m"a title="cool\"" b" to [ { key: 'title', value: 'cool"', type: 'string' } ][32m 0[2mms[22m[39m
 [32mΓ£ô[39m spec/lib/contentUtils/markdownParser/codeHighlighters/utils/metaParser.test.js[2m > [22mparseMeta[2m > [22mparses delimited strings with escapes[2m > [22m"a title="cool\" and more" b" to [ { key: 'title', value: 'cool" and more', type: 'string' } ][32m 0[2mms[22m[39m
 [32mΓ£ô[39m spec/lib/contentUtils/markdownParser/codeHighlighters/utils/metaParser.test.js[2m > [22mparseMeta[2m > [22mparses delimited strings with escapes[2m > [22m"a title="cool\\\" and more" b" to [ { key: 'title', value: 'cool\" and more', type: 'string' } ][32m 0[2mms[22m[39m
 [32mΓ£ô[39m spec/lib/contentUtils/markdownParser/codeHighlighters/utils/metaParser.test.js[2m > [22mparseMeta[2m > [22mparses delimited strings with escapes[2m > [22m"a title="cool\\" and more" b" to [ { key: 'title', value: 'cool\', type: 'string' } ][32m 0[2mms[22m[39m
 [32mΓ£ô[39m spec/lib/contentUtils/markdownParser/codeHighlighters/utils/metaParser.test.js[2m > [22mparseMeta[2m > [22mparses delimited strings with escapes[2m > [22m"a title="cool\\" "and more" b" to [ { key: 'title', value: 'cool\', type: 'string' } ][32m 0[2mms[22m[39m
 [32mΓ£ô[39m spec/lib/contentUtils/markdownParser/codeHighlighters/utils/metaParser.test.js[2m > [22mparseMeta[2m > [22mparses delimited strings with escapes[2m > [22m"a title="C:\\App\\Data" b" to [ { key: 'title', value: 'C:\App\Data', type: 'string' } ][32m 0[2mms[22m[39m
 [32mΓ£ô[39m spec/lib/contentUtils/markdownParser/codeHighlighters/utils/metaParser.test.js[2m > [22mparseMeta[2m > [22mparses delimited strings with delimiters and separators[2m > [22m"a title='= "wow!' b" to [ { key: 'title', value: '= "wow!', type: 'string' } ][32m 0[2mms[22m[39m
 [32mΓ£ô[39m spec/lib/contentUtils/markdownParser/codeHighlighters/utils/metaParser.test.js[2m > [22mparseMeta[2m > [22mparses delimited strings with delimiters and separators[2m > [22m"a title="= \"wow!\"" b" to [ { key: 'title', value: '= "wow!"', type: 'string' } ][32m 0[2mms[22m[39m
 [32mΓ£ô[39m spec/lib/contentUtils/markdownParser/codeHighlighters/utils/metaParser.test.js[2m > [22mparseMeta[2m > [22mparses delimited strings with delimiters and separators[2m > [22m"a title="= \"wow!\"" label='= "cool!' b" to [ { key: 'title', value: '= "wow!"', type: 'string' }, { key: 'label', value: '= "cool!', type: 'string' } ][32m 0[2mms[22m[39m
 [32mΓ£ô[39m spec/lib/contentUtils/markdownParser/codeHighlighters/utils/metaParser.test.js[2m > [22mparseMeta[2m > [22mparses undelimited key-value pairs[2m > [22m"a b=wow c=cool d" to [ { key: 'b', value: 'wow', type: 'string' }, { key: 'c', value: 'cool', type: 'string' } ][32m 0[2mms[22m[39m
 [32mΓ£ô[39m spec/lib/contentUtils/markdownParser/codeHighlighters/utils/metaParser.test.js[2m > [22mparseMeta[2m > [22mparses undelimited booleans[2m > [22m"a b c" to [ { key: 'a', value: true, type: 'boolean' }, { key: 'b', value: true, type: 'boolean' }, { key: 'c', value: true, type: 'boolean' } ][32m 0[2mms[22m[39m
 [32mΓ£ô[39m spec/lib/contentUtils/markdownParser/codeHighlighters/utils/metaParser.test.js[2m > [22mparseMeta[2m > [22mparses undelimited booleans[2m > [22m"a b=true c=false d=TRUE e=fAlSe f" to [ { key: 'a', value: true, type: 'boolean' }, { key: 'b', value: true, type: 'boolean' }, { key: 'c', value: false, type: 'boolean' }, { key: 'd', value: true, type: 'boolean' }, { key: 'e', value: false, type: 'boolean' }, { key: 'f', value: true, type: 'boolean' } ][32m 1[2mms[22m[39m
 [32mΓ£ô[39m spec/lib/contentUtils/markdownParser/codeHighlighters/utils/metaParser.test.js[2m > [22mparseMeta[2m > [22mparses simple ranges[2m > [22m"a b={1-4} c={3}" to [ { key: 'b', value: [ 1, 2, 3, 4 ], type: 'range' }, { key: 'c', value: [ 3 ], type: 'range' } ][32m 1[2mms[22m[39m
 [32mΓ£ô[39m spec/lib/contentUtils/markdownParser/codeHighlighters/utils/metaParser.test.js[2m > [22mparseMeta[2m > [22mparses simple ranges[2m > [22m"a b={1-4} c={3} {2-4} {3,5-7} {2,5,8,12} {7 -8, 3,10- 11}" to [ { key: 'b', value: [ 1, 2, 3, 4 ], type: 'range' }, { key: 'c', value: [ 3 ], type: 'range' }, { key: null, value: [ 2, 3, 4 ], type: 'range' }, { key: null, value: [ 3, 5, 6, 7 ], type: 'range' }, { key: null, value: [ 2, 5, 8, 12 ], type: 'range' }, { key: null, value: [ 7, 8, 3, 10, 11 ], type: 'range' } ][32m 0[2mms[22m[39m
 [32mΓ£ô[39m spec/lib/contentUtils/markdownParser/codeHighlighters/utils/metaParser.test.js[2m > [22mparseMeta[2m > [22mparses labelled ranges[2m > [22m"a b={c:1-4} c={d: 3}" to [ { key: 'b', value: [ 1, 2, 3, 4 ], type: 'range', label: 'c' }, { key: 'c', value: [ 3 ], type: 'range', label: 'd' } ][32m 0[2mms[22m[39m
 [32mΓ£ô[39m spec/lib/contentUtils/markdownParser/codeHighlighters/utils/metaParser.test.js[2m > [22mparseMeta[2m > [22mparses labelled ranges[2m > [22m"a b={"c":1-4} c={'d': 3}" to [ { key: 'b', value: [ 1, 2, 3, 4 ], type: 'range', label: 'c' }, { key: 'c', value: [ 3 ], type: 'range', label: 'd' } ][32m 0[2mms[22m[39m
 [32mΓ£ô[39m spec/lib/contentUtils/markdownParser/codeHighlighters/utils/metaParser.test.js[2m > [22mparseMeta[2m > [22mparses labelled ranges[2m > [22m"a b={"c:d":1-4} c={'d:e': 3}" to [ { key: 'b', value: [ 1, 2, 3, 4 ], type: 'range', label: 'c:d' }, { key: 'c', value: [ 3 ], type: 'range', label: 'd:e' } ][32m 0[2mms[22m[39m
 [32mΓ£ô[39m spec/lib/contentUtils/markdownParser/codeHighlighters/utils/metaParser.test.js[2m > [22mparseMeta[2m > [22mparses labelled ranges[2m > [22m"a b={"\"c":1-4} c={'d\'': 3}" to [ { key: 'b', value: [ 1, 2, 3, 4 ], type: 'range', label: '"c' }, { key: 'c', value: [ 3 ], type: 'range', label: 'd\'' } ][32m 0[2mms[22m[39m
 [32mΓ£ô[39m spec/lib/contentUtils/markdownParser/codeHighlighters/utils/metaParser.test.js[2m > [22mparseMeta[2m > [22mparses labelled ranges[2m > [22m"a b={"c{d}":1-4} c={'d{e}': 3}" to [ { key: 'b', value: [ 1, 2, 3, 4 ], type: 'range', label: 'c{d}' }, { key: 'c', value: [ 3 ], type: 'range', label: 'd{e}' } ][32m 0[2mms[22m[39m
 [32mΓ£ô[39m spec/lib/contentUtils/markdownParser/codeHighlighters/utils/metaParser.test.js[2m > [22mparseMeta[2m > [22mparses labelled ranges[2m > [22m"a b={"c\"{d}":1-4} c={'d{e\'}': 3}" to [ { key: 'b', value: [ 1, 2, 3, 4 ], type: 'range', label: 'c"{d}' }, { key: 'c', value: [ 3 ], type: 'range', label: 'd{e\'}' } ][32m 0[2mms[22m[39m
 [32mΓ£ô[39m spec/lib/contentUtils/markdownParser/codeHighlighters/utils/metaParser.test.js[2m > [22mparseMeta[2m > [22mparses regex[2m > [22m"a /^d{1,2}[a-z]+/ b" to [ { key: null, value: /^d{1,2}[a-z]+/, type: 'regexp' } ][32m 0[2mms[22m[39m
 [32mΓ£ô[39m spec/lib/contentUtils/markdownParser/codeHighlighters/utils/metaParser.test.js[2m > [22mparseMeta[2m > [22mparses regex[2m > [22m"a b=/^d{1,2}\/[a-z]+/ b" to [ { key: 'b', value: /^d{1,2}\/[a-z]+/[a-z]+, type: 'regexp' } ][32m 0[2mms[22m[39m
 [32mΓ£ô[39m spec/core/model.test.js[2m > [22mSerializer[2m > [22mall[2m > [22mreturns all records[32m 1[2mms[22m[39m
 [32mΓ£ô[39m spec/core/model.test.js[2m > [22mSerializer[2m > [22mwhere[2m > [22mreturns exact matches correctly[32m 0[2mms[22m[39m
 [32mΓ£ô[39m spec/core/model.test.js[2m > [22mSerializer[2m > [22mwhere[2m > [22mreturns multiple matches correctly[32m 0[2mms[22m[39m
 [32mΓ£ô[39m spec/core/model.test.js[2m > [22mSerializer[2m > [22mwhere[2m > [22mreturns function matches correctly[32m 0[2mms[22m[39m
 [32mΓ£ô[39m spec/core/model.test.js[2m > [22mSerializer[2m > [22mwhere[2m > [22mreturns multiple condition matches correctly[32m 0[2mms[22m[39m
 [32mΓ£ô[39m spec/core/model.test.js[2m > [22mSerializer[2m > [22mwhere[2m > [22mget first[2m > [22mreturns the first record[32m 0[2mms[22m[39m
 [32mΓ£ô[39m spec/core/model.test.js[2m > [22mSerializer[2m > [22mwhere[2m > [22mget last[2m > [22mreturns the last record[32m 0[2mms[22m[39m
 [32mΓ£ô[39m spec/core/model.test.js[2m > [22mSerializer[2m > [22morder[2m > [22mreturns records in the correct order[32m 9[2mms[22m[39m
 [32mΓ£ô[39m spec/core/model.test.js[2m > [22mSerializer[2m > [22mscope[2m > [22mreturns the correct records with a single scope[32m 0[2mms[22m[39m
 [32mΓ£ô[39m spec/core/model.test.js[2m > [22mSerializer[2m > [22mscope[2m > [22mreturns the correct records with multiple scopes[32m 0[2mms[22m[39m
 [32mΓ£ô[39m spec/core/model.test.js[2m > [22mSerializer[2m > [22mfind[2m > [22mreturns the correct record[32m 0[2mms[22m[39m
 [32mΓ£ô[39m spec/core/model.test.js[2m > [22mSerializer[2m > [22msearch[2m > [22mreturns the correct record[32m 0[2mms[22m[39m
 [32mΓ£ô[39m spec/core/model.test.js[2m > [22mSerializer[2m > [22msearchAll[2m > [22mreturns the correct records[32m 0[2mms[22m[39m
 [32mΓ£ô[39m spec/lib/stringUtils.test.js[2m > [22mStringUtils[2m > [22mcapitalize[2m > [22mshould capitalize the first letter of a string[32m 2[2mms[22m[39m
 [32mΓ£ô[39m spec/lib/stringUtils.test.js[2m > [22mStringUtils[2m > [22mcapitalize[2m > [22mshould capitalize the first letter and lowercase the rest of a string[32m 0[2mms[22m[39m
 [32mΓ£ô[39m spec/lib/stringUtils.test.js[2m > [22mStringUtils[2m > [22mtoKebabCase[2m > [22mshould convert a string to kebab case[32m 0[2mms[22m[39m
 [32mΓ£ô[39m spec/lib/stringUtils.test.js[2m > [22mStringUtils[2m > [22mconvertToValidId[2m > [22mshould convert a string to a valid id name[32m 0[2mms[22m[39m
 [32mΓ£ô[39m spec/lib/stringUtils.test.js[2m > [22mStringUtils[2m > [22mconvertToSeoSlug[2m > [22mshould convert a string to a SEO slug[32m 0[2mms[22m[39m
 [32mΓ£ô[39m spec/lib/stringUtils.test.js[2m > [22mStringUtils[2m > [22mstripMarkdownFormat[2m > [22mshould strip markdown format from a string[32m 0[2mms[22m[39m
 [32mΓ£ô[39m spec/lib/stringUtils.test.js[2m > [22mStringUtils[2m > [22mstripHtmlParagraphsAndLinks[2m > [22mshould strip HTML paragraphs and links[32m 0[2mms[22m[39m
 [32mΓ£ô[39m spec/lib/stringUtils.test.js[2m > [22mStringUtils[2m > [22mstripHtmlTags[2m > [22mshould strip HTML tags from a string[32m 0[2mms[22m[39m
 [32mΓ£ô[39m spec/lib/stringUtils.test.js[2m > [22mStringUtils[2m > [22mstripHtml[2m > [22mshould strip HTML[32m 0[2mms[22m[39m
 [32mΓ£ô[39m spec/lib/stringUtils.test.js[2m > [22mStringUtils[2m > [22mnormalizedTokens[2m > [22mshould normalize tokens[32m 1[2mms[22m[39m
 [32mΓ£ô[39m spec/lib/stringUtils.test.js[2m > [22mStringUtils[2m > [22mescapeHtml[2m > [22mshould escape HTML[32m 0[2mms[22m[39m
 [32mΓ£ô[39m spec/lib/stringUtils.test.js[2m > [22mStringUtils[2m > [22mformatTag[2m > [22mshould format a tag[32m 0[2mms[22m[39m
 [32mΓ£ô[39m spec/core/serializer.test.js[2m > [22mSerializer[2m > [22mserialize[2m > [22mreturns serialized object[32m 2[2mms[22m[39m
 [32mΓ£ô[39m spec/core/serializer.test.js[2m > [22mSerializer[2m > [22mserializeArray[2m > [22mreturns serialized array[32m 0[2mms[22m[39m
 [32mΓ£ô[39m spec/lib/contentUtils/ranker.test.js[2m > [22mRanker.rankIndexableContent[2m > [22mshould rank indexable content[32m 2[2mms[22m[39m
 [32mΓ£ô[39m spec/lib/contentUtils/ranker.test.js[2m > [22mRanker.rankIndexableContent[2m > [22mshould not exceed the keyword score limit[32m 0[2mms[22m[39m
 [32mΓ£ô[39m spec/lib/contentUtils/ranker.test.js[2m > [22mRanker.rankIndexableContent[2m > [22mshould not exceed the keyword count limit[32m 0[2mms[22m[39m
 [32mΓ£ô[39m spec/lib/search/utils.test.js[2m > [22msplitTokens[2m > [22mproduces the excpected resutls "a b c" -> a,b,c)[32m 3[2mms[22m[39m
 [32mΓ£ô[39m spec/lib/search/utils.test.js[2m > [22msplitTokens[2m > [22mproduces the excpected resutls "a-z0-9" -> a-z0-9)[32m 0[2mms[22m[39m
 [32mΓ£ô[39m spec/lib/search/utils.test.js[2m > [22msplitTokens[2m > [22mproduces the excpected resutls "a.b.c" -> a,b,c)[32m 0[2mms[22m[39m
 [32mΓ£ô[39m spec/lib/search/utils.test.js[2m > [22msplitTokens[2m > [22mproduces the excpected resutls "a.b - c d3" -> a,b,-,c,d3)[32m 0[2mms[22m[39m
 [32mΓ£ô[39m spec/lib/search/utils.test.js[2m > [22mcleanTokenPunctuation[2m > [22mproduces the excpected resutls "a" -> a)[32m 0[2mms[22m[39m
 [32mΓ£ô[39m spec/lib/search/utils.test.js[2m > [22mcleanTokenPunctuation[2m > [22mproduces the excpected resutls "-a" -> a)[32m 0[2mms[22m[39m
 [32mΓ£ô[39m spec/lib/search/utils.test.js[2m > [22mcleanTokenPunctuation[2m > [22mproduces the excpected resutls "a-" -> a)[32m 0[2mms[22m[39m
 [32mΓ£ô[39m spec/lib/search/utils.test.js[2m > [22mcleanTokenPunctuation[2m > [22mproduces the excpected resutls "-a-" -> a)[32m 0[2mms[22m[39m
 [32mΓ£ô[39m spec/lib/search/utils.test.js[2m > [22mcleanTokenPunctuation[2m > [22mproduces the excpected resutls "'a" -> a)[32m 0[2mms[22m[39m
 [32mΓ£ô[39m spec/lib/search/utils.test.js[2m > [22mcleanTokenPunctuation[2m > [22mproduces the excpected resutls "a'" -> a)[32m 0[2mms[22m[39m
 [32mΓ£ô[39m spec/lib/search/utils.test.js[2m > [22mcleanTokenPunctuation[2m > [22mproduces the excpected resutls "'a'" -> a)[32m 0[2mms[22m[39m
 [32mΓ£ô[39m spec/lib/search/utils.test.js[2m > [22mcleanTokenPunctuation[2m > [22mproduces the excpected resutls "-a'" -> a)[32m 0[2mms[22m[39m
 [32mΓ£ô[39m spec/lib/search/utils.test.js[2m > [22mcleanTokenPunctuation[2m > [22mproduces the excpected resutls "'a-" -> a)[32m 0[2mms[22m[39m
 [32mΓ£ô[39m spec/lib/search/utils.test.js[2m > [22mdeserializeTokens[2m > [22mproduces the excpected resutls[32m 1[2mms[22m[39m
 [32mΓ£ô[39m spec/lib/contentUtils/tocReader.test.js[2m > [22mTocReader.readToC[2m > [22mshould read and build a table of contents from HTML[32m 2[2mms[22m[39m
 [32mΓ£ô[39m spec/lib/contentUtils/tocReader.test.js[2m > [22mTocReader.readToC[2m > [22mshould return undefined if no headings are found[32m 0[2mms[22m[39m
 [32mΓ£ô[39m spec/presenters/breadcrumbPresenter.test.js[2m > [22mBreadcrumbPresenter[2m > [22mbreadcrumbs[2m > [22mreturns the breadcrumbs for a snippet[32m 4[2mms[22m[39m
 [32mΓ£ô[39m spec/presenters/breadcrumbPresenter.test.js[2m > [22mBreadcrumbPresenter[2m > [22mrecommendedCollection[2m > [22mreturns the recommended collection for a snippet[32m 1[2mms[22m[39m
 [32mΓ£ô[39m spec/presenters/coverPresenter.test.js[2m > [22mCoverPresenter[2m > [22mcoverUrl[2m > [22mreturns the cover url for a snippet[32m 2[2mms[22m[39m
 [32mΓ£ô[39m spec/presenters/coverPresenter.test.js[2m > [22mCoverPresenter[2m > [22mcoverUrl[2m > [22mreturns the cover url for a snippet with full size[32m 0[2mms[22m[39m
 [32mΓ£ô[39m spec/presenters/coverPresenter.test.js[2m > [22mCoverPresenter[2m > [22mcoverUrl[2m > [22mreturns the cover url for a collection[32m 0[2mms[22m[39m
 [32mΓ£ô[39m spec/presenters/coverPresenter.test.js[2m > [22mCoverPresenter[2m > [22mcoverSrcset[2m > [22mreturns the cover srcset for a snippet[32m 1[2mms[22m[39m
 [32mΓ£ô[39m spec/presenters/coverPresenter.test.js[2m > [22mCoverPresenter[2m > [22mcoverSrcset[2m > [22mreturns the cover srcset for a snippet with full size[32m 0[2mms[22m[39m
 [32mΓ£ô[39m spec/presenters/coverPresenter.test.js[2m > [22mCoverPresenter[2m > [22mcoverSrcset[2m > [22mreturns the cover srcset for a collection[32m 0[2mms[22m[39m
 [32mΓ£ô[39m spec/presenters/recommendationPresenter.test.js[2m > [22mRecommendationPresenter[2m > [22m#recommend_snippets[2m > [22mreturns snippets that are not the current snippet[32m 3[2mms[22m[39m
 [32mΓ£ô[39m spec/presenters/recommendationPresenter.test.js[2m > [22mRecommendationPresenter[2m > [22m#recommend_snippets[2m > [22mdoes not return the same snippet in another language[32m 0[2mms[22m[39m
 [32mΓ£ô[39m spec/presenters/recommendationPresenter.test.js[2m > [22mRecommendationPresenter[2m > [22m#recommend_snippets[2m > [22mdoes not return unlisted snippets[32m 1[2mms[22m[39m
 [32mΓ£ô[39m spec/presenters/recommendationPresenter.test.js[2m > [22mRecommendationPresenter[2m > [22m#recommend_snippets[2m > [22mreturns snippets in the same language with the same tags[32m 0[2mms[22m[39m
 [32mΓ£ô[39m spec/presenters/recommendationPresenter.test.js[2m > [22mRecommendationPresenter[2m > [22m#recommend_snippets[2m > [22mreturns snippets in the same language with similar tags[32m 0[2mms[22m[39m
 [32mΓ£ô[39m spec/presenters/sublinkPresenter.test.js[2m > [22mSublinkPresenter[2m > [22msublinks[2m > [22mreturns all primary collections for the main collection[32m 3[2mms[22m[39m
 [32mΓ£ô[39m spec/presenters/sublinkPresenter.test.js[2m > [22mSublinkPresenter[2m > [22msublinks[2m > [22mreturns all children for the primary collection[32m 17[2mms[22m[39m
 [32mΓ£ô[39m spec/presenters/sublinkPresenter.test.js[2m > [22mSublinkPresenter[2m > [22msublinks[2m > [22mreturns the parent collection sublink for the secondary collection[32m 1[2mms[22m[39m
 [32mΓ£ô[39m spec/presenters/sublinkPresenter.test.js[2m > [22mSublinkPresenter[2m > [22msublinks[2m > [22mreturns the parent collection sublink for orphaned secondary collections[32m 0[2mms[22m[39m
 [32mΓ£ô[39m spec/models/collection.test.js[2m > [22mCollection[2m > [22m.main[2m > [22mreturns main collection[32m 3[2mms[22m[39m
 [32mΓ£ô[39m spec/models/collection.test.js[2m > [22mCollection[2m > [22m.collections[2m > [22mreturns collections collection[32m 0[2mms[22m[39m
 [32mΓ£ô[39m spec/models/collection.test.js[2m > [22mCollection[2m > [22mhasParent[2m > [22mreturns false if no parent[32m 1[2mms[22m[39m
 [32mΓ£ô[39m spec/models/collection.test.js[2m > [22mCollection[2m > [22mhasParent[2m > [22mreturns true if parent exists[32m 0[2mms[22m[39m
 [32mΓ£ô[39m spec/models/collection.test.js[2m > [22mCollection[2m > [22misMain[2m > [22mreturns true if main collection[32m 0[2mms[22m[39m
 [32mΓ£ô[39m spec/models/collection.test.js[2m > [22mCollection[2m > [22misMain[2m > [22mreturns false if not main collection[32m 0[2mms[22m[39m
 [32mΓ£ô[39m spec/models/collection.test.js[2m > [22mCollection[2m > [22misCollections[2m > [22mreturns true if collections collection[32m 0[2mms[22m[39m
 [32mΓ£ô[39m spec/models/collection.test.js[2m > [22mCollection[2m > [22misCollections[2m > [22mreturns false if not collections collection[32m 0[2mms[22m[39m
 [32mΓ£ô[39m spec/models/collection.test.js[2m > [22mCollection[2m > [22misPrimary[2m > [22mreturns true if primary collection[32m 1[2mms[22m[39m
 [32mΓ£ô[39m spec/models/collection.test.js[2m > [22mCollection[2m > [22misPrimary[2m > [22mreturns false if not primary collection[32m 0[2mms[22m[39m
 [32mΓ£ô[39m spec/models/collection.test.js[2m > [22mCollection[2m > [22misSecondary[2m > [22mreturns false if primary collection[32m 0[2mms[22m[39m
 [32mΓ£ô[39m spec/models/collection.test.js[2m > [22mCollection[2m > [22misSecondary[2m > [22mreturns true if secondary collection[32m 0[2mms[22m[39m
 [32mΓ£ô[39m spec/models/collection.test.js[2m > [22mCollection[2m > [22mrootUrl[2m > [22mreturns the slug if it is a parent[32m 0[2mms[22m[39m
 [32mΓ£ô[39m spec/models/collection.test.js[2m > [22mCollection[2m > [22mrootUrl[2m > [22mreturns the parent slug if it has a parent[32m 1[2mms[22m[39m
 [32mΓ£ô[39m spec/models/collection.test.js[2m > [22mCollection[2m > [22msiblings[2m > [22mreturns siblings if it has a parent[32m 1[2mms[22m[39m
 [32mΓ£ô[39m spec/models/collection.test.js[2m > [22mCollection[2m > [22msiblings[2m > [22mreturns an empty array if it has no parent[32m 0[2mms[22m[39m
 [32mΓ£ô[39m spec/models/collection.test.js[2m > [22mCollection[2m > [22msiblingsExceptSelf[2m > [22mreturns siblings except self if it has a parent[32m 0[2mms[22m[39m
 [32mΓ£ô[39m spec/models/collection.test.js[2m > [22mCollection[2m > [22msiblingsExceptSelf[2m > [22mreturns an empty array if it has no parent[32m 0[2mms[22m[39m
 [32mΓ£ô[39m spec/models/collection.test.js[2m > [22mCollection[2m > [22mfirstPageSlug[2m > [22mreturns first page slug[32m 0[2mms[22m[39m
 [32mΓ£ô[39m spec/models/collection.test.js[2m > [22mCollection[2m > [22mlistedSnippets[2m > [22mreturns listed snippets[32m 1[2mms[22m[39m
 [32mΓ£ô[39m spec/models/collection.test.js[2m > [22mCollection[2m > [22mformattedSnippetCount[2m > [22mreturns formatted snippet count[32m 0[2mms[22m[39m
 [32mΓ£ô[39m spec/models/collection.test.js[2m > [22mCollection[2m > [22mpageCount[2m > [22mreturns page count[32m 0[2mms[22m[39m
 [32mΓ£ô[39m spec/models/collection.test.js[2m > [22mCollection[2m > [22mallPageSlugs[2m > [22mreturns all page slugs[32m 0[2mms[22m[39m
 [32mΓ£ô[39m spec/models/collection.test.js[2m > [22mCollection[2m > [22mallPageFullUrls[2m > [22mreturns all page full urls[32m 0[2mms[22m[39m
 [32mΓ£ô[39m spec/models/collection.test.js[2m > [22mCollection[2m > [22mmatchesTag[2m > [22mreturns true if collection matches tag[32m 0[2mms[22m[39m
 [32mΓ£ô[39m spec/models/collection.test.js[2m > [22mCollection[2m > [22mmatchesTag[2m > [22mreturns false if collection does not match tag[32m 0[2mms[22m[39m
 [32mΓ£ô[39m spec/models/collection.test.js[2m > [22mCollection[2m > [22mpages[2m > [22mreturns page objects with the correct snippet[32m 1[2mms[22m[39m
 [32mΓ£ô[39m spec/models/contentModel.test.js[2m > [22mContentModel[2m > [22mslug[2m > [22mreturns the slugified id[32m 2[2mms[22m[39m
 [32mΓ£ô[39m spec/models/contentModel.test.js[2m > [22mContentModel[2m > [22mslugId[2m > [22mreturns the last part of the slug[32m 0[2mms[22m[39m
 [32mΓ£ô[39m spec/models/contentModel.test.js[2m > [22mContentModel[2m > [22murl[2m > [22mreturns the slug for snippets[32m 1[2mms[22m[39m
 [32mΓ£ô[39m spec/models/contentModel.test.js[2m > [22mContentModel[2m > [22murl[2m > [22mreturns the first page slug for collections[32m 0[2mms[22m[39m
 [32mΓ£ô[39m spec/models/contentModel.test.js[2m > [22mContentModel[2m > [22mfullUrl[2m > [22mreturns the full url for the record[32m 0[2mms[22m[39m
 [32mΓ£ô[39m spec/models/contentModel.test.js[2m > [22mContentModel[2m > [22mformattedDescription[2m > [22mstrips html tags and paragraphs from the description[32m 1[2mms[22m[39m
 [32mΓ£ô[39m spec/models/contentModel.test.js[2m > [22mContentModel[2m > [22mseoDescription[2m > [22mstrips html from the description[32m 0[2mms[22m[39m
 [32mΓ£ô[39m spec/models/contentModel.test.js[2m > [22mContentModel[2m > [22misSnippet[2m > [22mreturns true if the record is a snippet[32m 0[2mms[22m[39m
 [32mΓ£ô[39m spec/models/contentModel.test.js[2m > [22mContentModel[2m > [22mtype[2m > [22mreturns the model name in lowercase[32m 0[2mms[22m[39m
 [32mΓ£ô[39m spec/models/contentModel.test.js[2m > [22mContentModel[2m > [22mserializeAs[2m > [22mserializes the object using the specified serializer[32m 27[2mms[22m[39m
 [32mΓ£ô[39m spec/models/contentModel.test.js[2m > [22mContentModel[2m > [22mcontext[2m > [22mreturns the snippet context for snippets[32m 1[2mms[22m[39m
 [32mΓ£ô[39m spec/models/contentModel.test.js[2m > [22mContentModel[2m > [22mcontext[2m > [22mreturns the collection context for collections[32m 0[2mms[22m[39m
 [32mΓ£ô[39m spec/models/snippet.test.js[2m > [22mSnippet[2m > [22mtags[2m > [22mreturns tags[32m 3[2mms[22m[39m
 [32mΓ£ô[39m spec/models/snippet.test.js[2m > [22mSnippet[2m > [22mhasLanguage[2m > [22mreturns false if no language[32m 0[2mms[22m[39m
 [32mΓ£ô[39m spec/models/snippet.test.js[2m > [22mSnippet[2m > [22mhasLanguage[2m > [22mreturns true if language exists[32m 0[2mms[22m[39m
 [32mΓ£ô[39m spec/models/snippet.test.js[2m > [22mSnippet[2m > [22mseoTitle[2m > [22mreturns title if no language[32m 0[2mms[22m[39m
 [32mΓ£ô[39m spec/models/snippet.test.js[2m > [22mSnippet[2m > [22mseoTitle[2m > [22mreturns title with language, if exists[32m 0[2mms[22m[39m
 [32mΓ£ô[39m spec/models/snippet.test.js[2m > [22mSnippet[2m > [22mseoTitle[2m > [22mreturns title with formatted primary tag if language is JavaScript and primary tag is Node[32m 0[2mms[22m[39m
 [32mΓ£ô[39m spec/models/snippet.test.js[2m > [22mSnippet[2m > [22mprimaryTag[2m > [22mreturns primary tag[32m 0[2mms[22m[39m
 [32mΓ£ô[39m spec/models/snippet.test.js[2m > [22mSnippet[2m > [22mformattedPrimaryTag[2m > [22mreturns formatted primary tag[32m 0[2mms[22m[39m
 [32mΓ£ô[39m spec/models/snippet.test.js[2m > [22mSnippet[2m > [22mformattedPrimaryTag[2m > [22mreturns formatted primary tag if special tag[32m 0[2mms[22m[39m
 [32mΓ£ô[39m spec/models/snippet.test.js[2m > [22mSnippet[2m > [22mformattedMiniPreviewTag[2m > [22mreturns article mini preview tag if no language[32m 0[2mms[22m[39m
 [32mΓ£ô[39m spec/models/snippet.test.js[2m > [22mSnippet[2m > [22mformattedMiniPreviewTag[2m > [22mreturns language name if language exists[32m 0[2mms[22m[39m
 [32mΓ£ô[39m spec/models/snippet.test.js[2m > [22mSnippet[2m > [22mformattedTags[2m > [22mreturns formatted tags[32m 0[2mms[22m[39m
 [32mΓ£ô[39m spec/models/snippet.test.js[2m > [22mSnippet[2m > [22mformattedTags[2m > [22mprep});s language name if language exists[32m 0[2mms[22m[39m
 [32mΓ£ô[39m spec/models/snippet.test.js[2m > [22mSnippet[2m > [22mformattedPreviewTags[2m > [22mreturns formatted primary tag if no language[32m 1[2mms[22m[39m
 [32mΓ£ô[39m spec/models/snippet.test.js[2m > [22mSnippet[2m > [22mformattedPreviewTags[2m > [22mreturns language name if language exists[32m 0[2mms[22m[39m
 [32mΓ£ô[39m spec/models/snippet.test.js[2m > [22mSnippet[2m > [22mgithubUrl[2m > [22mreturns GitHub URL[32m 0[2mms[22m[39m
 [32mΓ£ô[39m spec/models/snippet.test.js[2m > [22mSnippet[2m > [22misScheduled[2m > [22mreturns false if not scheduled[32m 0[2mms[22m[39m
 [32mΓ£ô[39m spec/models/snippet.test.js[2m > [22mSnippet[2m > [22misScheduled[2m > [22mreturns true if scheduled[32m 0[2mms[22m[39m
 [32mΓ£ô[39m spec/models/snippet.test.js[2m > [22mSnippet[2m > [22misPublished[2m > [22mreturns true if published[32m 0[2mms[22m[39m
 [32mΓ£ô[39m spec/models/snippet.test.js[2m > [22mSnippet[2m > [22misPublished[2m > [22mreturns false if not published[32m 0[2mms[22m[39m
 [32mΓ£ô[39m spec/models/snippet.test.js[2m > [22mSnippet[2m > [22misListed[2m > [22mreturns true if listed[32m 0[2mms[22m[39m
 [32mΓ£ô[39m spec/models/snippet.test.js[2m > [22mSnippet[2m > [22misListed[2m > [22mreturns false if not listed[32m 0[2mms[22m[39m
 [32mΓ£ô[39m spec/models/snippet.test.js[2m > [22mSnippet[2m > [22mdateFormatted[2m > [22mreturns formatted date[32m 25[2mms[22m[39m
 [32mΓ£ô[39m spec/models/snippet.test.js[2m > [22mSnippet[2m > [22mdateMachineFormatted[2m > [22mreturns machine formatted date[32m 0[2mms[22m[39m
 [32mΓ£ô[39m spec/models/snippet.test.js[2m > [22mSnippet[2m > [22mhasCollection[2m > [22mreturns false if snippet has no collection[32m 0[2mms[22m[39m
 [32mΓ£ô[39m spec/models/snippet.test.js[2m > [22mSnippet[2m > [22mhasCollection[2m > [22mreturns true if snippet has collection[32m 0[2mms[22m[39m
 [32mΓ£ô[39m spec/models/snippet.test.js[2m > [22mSnippet[2m > [22mpage[2m > [22mreturns a page object with the correct snippet[32m 0[2mms[22m[39m
npx : [2m2:38:32 am[22m 
[33m[1m[vite][22m[39m 
[33m[2m(ssr)[22m[39m 
[33mwarning: Missing 
"./${lang}" specifier in 
"@shikijs/langs" 
package[39m
At line:1 char:1
+ npx vitest run 
--reporter=verbose > 
test-results.txt 2>&1
+ ~~~~~~~~~~~~~~~~~~~~~~~~
~~~~~~~~~~~~~~~~~~~~~~~~~~
~~~~~~~
    + CategoryInfo        
      : NotSpecified: (  
  [2m2:38:32 am...s" p   
 ackage[39m:String) [    
], RemoteException
    + FullyQualifiedError 
   Id : NativeCommandErr  
  or
 
  Plugin: [35mvite:dynami
c-import-vars[39m
  File: [36mC:/Users/HP/D
esktop/shipd ai.project/sr
c/lib/contentUtils/markdow
nParser/codeHighlighters/s
hiki.js[39m
[90mstderr[2m | spec/lib
/contentUtils/contentUtils
.test.js
[22m[39mSnippet 
js/s/array-map-foreach 
not found in collection 
js/array-methods
Snippet 
js/s/array-compare not 
found in collection 
js/array-methods
Snippet 
js/s/array-initialize not 
found in collection 
js/array-methods

 [32mΓ£ô[39m spec/lib/contentUtils/contentUtils.test.js[2m > [22mContentUtils.prepareContent[2m > [22mshould output content to the correct path[32m 1[2mms[22m[39m
 [32mΓ£ô[39m spec/lib/contentUtils/contentUtils.test.js[2m > [22mContentUtils.prepareContent[2m > [22mshould output all content keys[32m 0[2mms[22m[39m
 [32mΓ£ô[39m spec/lib/contentUtils/contentUtils.test.js[2m > [22mContentUtils.prepareContent[2m > [22mshould output the correct language data[2m > [22mshould output the correct number of languages[32m 0[2mms[22m[39m
 [32mΓ£ô[39m spec/lib/contentUtils/contentUtils.test.js[2m > [22mContentUtils.prepareContent[2m > [22mshould output the correct language data[2m > [22mshould output the correct language objects[32m 0[2mms[22m[39m
 [32mΓ£ô[39m spec/lib/contentUtils/contentUtils.test.js[2m > [22mContentUtils.prepareContent[2m > [22mshould output the correct collection data[2m > [22mshould output the correct number of collections[32m 0[2mms[22m[39m
 [32mΓ£ô[39m spec/lib/contentUtils/contentUtils.test.js[2m > [22mContentUtils.prepareContent[2m > [22mshould output the correct collection data[2m > [22mshould output the correct collection ids[32m 0[2mms[22m[39m
 [32mΓ£ô[39m spec/lib/contentUtils/contentUtils.test.js[2m > [22mContentUtils.prepareContent[2m > [22mshould output the correct collection data[2m > [22mshould produce a ranking between 0 and 1 for all collections[32m 0[2mms[22m[39m
 [31m├ù[39m spec/lib/contentUtils/contentUtils.test.js[2m > [22mContentUtils.prepareContent[2m > [22mshould output the correct collection snippet data[2m > [22mshould output the correct number of collection snippets[32m 10[2mms[22m[39m
[31m   ΓåÆ expected 10 to deeply equal 13[39m
 [31m├ù[39m spec/lib/contentUtils/contentUtils.test.js[2m > [22mContentUtils.prepareContent[2m > [22mshould output the correct collection snippet data[2m > [22mshould output the correct collection snippet objects for plain tag matchers[32m 1[2mms[22m[39m
[31m   ΓåÆ expected +0 to deeply equal 1[39m
 [31m├ù[39m spec/lib/contentUtils/contentUtils.test.js[2m > [22mContentUtils.prepareContent[2m > [22mshould output the correct collection snippet data[2m > [22mshould output the correct collection snippet objects for language matchers[32m 2[2mms[22m[39m
[31m   ΓåÆ expected [ ΓÇª(4) ] to deeply equal [ 'js/s/array-compare', ΓÇª(3) ][39m
 [31m├ù[39m spec/lib/contentUtils/contentUtils.test.js[2m > [22mContentUtils.prepareContent[2m > [22mshould output the correct collection snippet data[2m > [22mshould output the correct collection snippet objects for language and tag matchers[32m 1[2mms[22m[39m
[31m   ΓåÆ expected [ ΓÇª(3) ] to deeply equal [ 'js/s/array-compare', ΓÇª(2) ][39m
 [31m├ù[39m spec/lib/contentUtils/contentUtils.test.js[2m > [22mContentUtils.prepareContent[2m > [22mshould output the correct collection snippet data[2m > [22mshould output the correct collection snippet objects for specific snippet ids[2m > [22mshould output the correct collection snippets[32m 0[2mms[22m[39m
[31m   ΓåÆ expected +0 to deeply equal 3[39m
 [31m├ù[39m spec/lib/contentUtils/contentUtils.test.js[2m > [22mContentUtils.prepareContent[2m > [22mshould output the correct collection snippet data[2m > [22mshould output the correct collection snippet objects for specific snippet ids[2m > [22mshould output the collection snippets in the right order[32m 0[2mms[22m[39m
[31m   ΓåÆ Cannot read properties of undefined (reading 'snippetId')[39m
 [32mΓ£ô[39m spec/lib/contentUtils/contentUtils.test.js[2m > [22mContentUtils.prepareContent[2m > [22mshould output the correct snippet data[2m > [22mshould output the correct number of snippets[32m 0[2mms[22m[39m
 [31m├ù[39m spec/lib/contentUtils/contentUtils.test.js[2m > [22mContentUtils.prepareContent[2m > [22mshould output the correct snippet data[2m > [22mshould output the correct snippet ids[32m 1[2mms[22m[39m
[31m   ΓåÆ expected [ ΓÇª(7) ] to deeply equal [ ΓÇª(7) ][39m
 [32mΓ£ô[39m spec/lib/contentUtils/contentUtils.test.js[2m > [22mContentUtils.prepareContent[2m > [22mshould output the correct snippet data[2m > [22mshould produce a ranking between 0 and 1 for all snippets[32m 0[2mms[22m[39m
 [32mΓ£ô[39m spec/lib/contentUtils/contentUtils.test.js[2m > [22mContentUtils.prepareContent[2m > [22mshould output the correct snippet data[2m > [22mshould produce a semicolon separated list of tags[32m 0[2mms[22m[39m
 [31m├ù[39m spec/lib/contentUtils/contentUtils.test.js[2m > [22mContentUtils.prepareContent[2m > [22mshould output the correct snippet data[2m > [22mshould match to the correct languageId[32m 1[2mms[22m[39m
[31m   ΓåÆ expected 'javascript' to be null // Object.is equality[39m
 [31m├ù[39m spec/lib/contentUtils/contentUtils.test.js[2m > [22mContentUtils.prepareContent[2m > [22mshould output the correct snippet data[2m > [22mshould produce the correct listed attribute[32m 1[2mms[22m[39m
[31m   ΓåÆ expected 'spec\fixtures\content\snippets\articlΓÇª' to be 'articles/s/web-development-tips' // Object.is equality[39m
 [32mΓ£ô[39m spec/lib/contentUtils/contentUtils.test.js[2m > [22mContentUtils.prepareContent[2m > [22mshould output the correct snippet data[2m > [22mshould produce an HTML content and description[32m 0[2mms[22m[39m
 [2m[90mΓåô[39m[22m spec/lib/contentUtils/contentUtils.test.js[2m > [22mContentUtils.prepareContent[2m > [22mshould output the correct snippet data[2m > [22mMarkdown parsing[2m > [22mshould highlight code blocks
 [31m├ù[39m spec/lib/contentUtils/contentUtils.test.js[2m > [22mContentUtils.prepareContent[2m > [22mshould output the correct snippet data[2m > [22mMarkdown parsing[2m > [22mshould link inline code only if the language references match it[32m 0[2mms[22m[39m
[31m   ΓåÆ Cannot read properties of undefined (reading 'content')[39m
 [31m├ù[39m spec/lib/contentUtils/contentUtils.test.js[2m > [22mContentUtils.prepareContent[2m > [22mshould output the correct snippet data[2m > [22mMarkdown parsing[2m > [22mshould safeguard only external links[32m 0[2mms[22m[39m
[31m   ΓåÆ Cannot read properties of undefined (reading 'content')[39m
 [31m├ù[39m spec/lib/contentUtils/contentUtils.test.js[2m > [22mContentUtils.prepareContent[2m > [22mshould output the correct snippet data[2m > [22mMarkdown parsing[2m > [22mshould transform headings[32m 0[2mms[22m[39m
[31m   ΓåÆ Cannot read properties of undefined (reading 'content')[39m
 [31m├ù[39m spec/lib/contentUtils/contentUtils.test.js[2m > [22mContentUtils.prepareContent[2m > [22mshould output the correct snippet data[2m > [22mMarkdown parsing[2m > [22mshould transform image paths[32m 0[2mms[22m[39m
[31m   ΓåÆ Cannot read properties of undefined (reading 'content')[39m
 [31m├ù[39m spec/lib/contentUtils/contentUtils.test.js[2m > [22mContentUtils.prepareContent[2m > [22mshould output the correct snippet data[2m > [22mMarkdown parsing[2m > [22mshould wrap tables[32m 0[2mms[22m[39m
[31m   ΓåÆ Cannot read properties of undefined (reading 'content')[39m
 [31m├ù[39m spec/lib/contentUtils/contentUtils.test.js[2m > [22mContentUtils.prepareContent[2m > [22mshould output the correct snippet data[2m > [22mMarkdown parsing[2m > [22mshould embed codepens from links[32m 0[2mms[22m[39m
[31m   ΓåÆ Cannot read properties of undefined (reading 'content')[39m
 [31m├ù[39m spec/lib/contentUtils/contentUtils.test.js[2m > [22mContentUtils.prepareContent[2m > [22mshould output the correct snippet data[2m > [22mMarkdown parsing[2m > [22mshould transform admonitions[32m 0[2mms[22m[39m
[31m   ΓåÆ Cannot read properties of undefined (reading 'content')[39m

[31mΓÄ»ΓÄ»ΓÄ»ΓÄ»ΓÄ»ΓÄ»[1
m[7m Failed Tests 16 [27
m[22mΓÄ»ΓÄ»ΓÄ»ΓÄ»ΓÄ»ΓÄ»ΓÄ
»[39m

[31m[1m[7m FAIL 
[27m[22m[39m spec/lib/c
ontentUtils/contentUtils.t
est.js[2m > [22mContentU
tils.prepareContent[2m > 
[22mshould output the 
correct collection 
snippet data[2m > 
[22mshould output the 
correct number of 
collection snippets
[31m[1mAssertionError[2
2m: expected 10 to deeply 
equal 13[39m

[32m- Expected[39m
[31m+ Received[39m

[32m- 13[39m
[31m+ 10[39m

[36m [2mΓ¥»[22m spec/li
b/contentUtils/contentUtil
s.test.js:[2m101:44[22m
[39m
    [90m 99| [39m
    [90m100| [39m    
it('should output the 
correct number of 
collection snippets', () 
=ΓÇª
    [90m101| [39m      
[34mexpect[39m(collection
SnippetData[33m.[39mleng
th)[33m.[39m[34mtoEqual
[39m([34m13[39m)[33m;
[39m
    [90m   | [39m       
                          
          [31m^[39m
    [90m102| [39m    
})[33m;[39m
    [90m103| [39m

[31m[2mΓÄ»ΓÄ»ΓÄ»ΓÄ»ΓÄ»ΓÄ
»ΓÄ»ΓÄ»ΓÄ»ΓÄ»ΓÄ»ΓÄ»ΓÄ»ΓÄ»Γ
Ä»ΓÄ»ΓÄ»ΓÄ»ΓÄ»ΓÄ»ΓÄ»ΓÄ»ΓÄ»
[1/16]ΓÄ»[22m[39m

[31m[1m[7m FAIL 
[27m[22m[39m spec/lib/c
ontentUtils/contentUtils.t
est.js[2m > [22mContentU
tils.prepareContent[2m > 
[22mshould output the 
correct collection 
snippet data[2m > 
[22mshould output the 
correct collection 
snippet objects for plain 
tag matchers
[31m[1mAssertionError[2
2m: expected +0 to deeply 
equal 1[39m

[32m- Expected[39m
[31m+ Received[39m

[32m- 1[39m
[31m+ 0[39m

[36m [2mΓ¥»[22m spec/li
b/contentUtils/contentUtil
s.test.js:[2m111:9[22m[
39m
    [90m109| [39m       
     snippetId 
[33m===[39m [32m'articl
es/s/web-development-tips'
[39m
    [90m110| [39m       
 )[33m.[39mlength
    [90m111| [39m      )
[33m.[39m[34mtoEqual[3
9m([34m1[39m)[33m;[39m
    [90m   | [39m       
 [31m^[39m
    [90m112| [39m    
})[33m;[39m
    [90m113| [39m

[31m[2mΓÄ»ΓÄ»ΓÄ»ΓÄ»ΓÄ»ΓÄ
»ΓÄ»ΓÄ»ΓÄ»ΓÄ»ΓÄ»ΓÄ»ΓÄ»ΓÄ»Γ
Ä»ΓÄ»ΓÄ»ΓÄ»ΓÄ»ΓÄ»ΓÄ»ΓÄ»ΓÄ»
[2/16]ΓÄ»[22m[39m

[31m[1m[7m FAIL 
[27m[22m[39m spec/lib/c
ontentUtils/contentUtils.t
est.js[2m > [22mContentU
tils.prepareContent[2m > 
[22mshould output the 
correct collection 
snippet data[2m > 
[22mshould output the 
correct collection 
snippet objects for 
language matchers
[31m[1mAssertionError[2
2m: expected [ ΓÇª(4) ] 
to deeply equal [ 
'js/s/array-compare', 
ΓÇª(3) ][39m

[32m- Expected[39m
[31m+ Received[39m

[2m  [[22m
[32m-   
"js/s/array-compare",[39m
[32m-   "js/s/array-group
ing",[39m
[32m-   "js/s/array-initi
alize",[39m
[32m-   "js/s/array-map-f
oreach",[39m
[31m+   "spec\\fixtures\\
content\\snippets\\js\\s\\
array-compare",[39m
[31m+   "spec\\fixtures\\
content\\snippets\\js\\s\\
array-grouping",[39m
[31m+   "spec\\fixtures\\
content\\snippets\\js\\s\\
array-initialize",[39m
[31m+   "spec\\fixtures\\
content\\snippets\\js\\s\\
array-map-foreach",[39m
[2m  ][22m

[36m [2mΓ¥»[22m spec/li
b/contentUtils/contentUtil
s.test.js:[2m123:67[22m
[39m
    [90m121| [39m      
[34mexpect[39m(jsSnippets
[33m.[39mlength)[33m.[
39m[34mtoEqual[39m([34m
4[39m)[33m;[39m
    [90m122| [39m      
[34mexpect[39m(cssSnippet
s[33m.[39mlength)[33m.
[39m[34mtoEqual[39m([34
m2[39m)[33m;[39m
    [90m123| [39m      
expect(jsSnippets.map(({ 
snippetId }) => 
snippetId).sort()).toEqΓÇª
    [90m   | [39m       
                          
                          
       [31m^[39m
    [90m124| [39m       
 [
    [90m125| [39m       
   [32m'js/s/array-groupi
ng'[39m[33m,[39m

[31m[2mΓÄ»ΓÄ»ΓÄ»ΓÄ»ΓÄ»ΓÄ
»ΓÄ»ΓÄ»ΓÄ»ΓÄ»ΓÄ»ΓÄ»ΓÄ»ΓÄ»Γ
Ä»ΓÄ»ΓÄ»ΓÄ»ΓÄ»ΓÄ»ΓÄ»ΓÄ»ΓÄ»
[3/16]ΓÄ»[22m[39m

[31m[1m[7m FAIL 
[27m[22m[39m spec/lib/c
ontentUtils/contentUtils.t
est.js[2m > [22mContentU
tils.prepareContent[2m > 
[22mshould output the 
correct collection 
snippet data[2m > 
[22mshould output the 
correct collection 
snippet objects for 
language and tag matchers
[31m[1mAssertionError[2
2m: expected [ ΓÇª(3) ] 
to deeply equal [ 
'js/s/array-compare', 
ΓÇª(2) ][39m

[32m- Expected[39m
[31m+ Received[39m

[2m  [[22m
[32m-   
"js/s/array-compare",[39m
[32m-   "js/s/array-group
ing",[39m
[32m-   "js/s/array-initi
alize",[39m
[31m+   "spec\\fixtures\\
content\\snippets\\js\\s\\
array-compare",[39m
[31m+   "spec\\fixtures\\
content\\snippets\\js\\s\\
array-grouping",[39m
[31m+   "spec\\fixtures\\
content\\snippets\\js\\s\\
array-initialize",[39m
[2m  ][22m

[36m [2mΓ¥»[22m spec/li
b/contentUtils/contentUtil
s.test.js:[2m141:72[22m
[39m
    [90m139| [39m      
)[33m;[39m
    [90m140| [39m      
[34mexpect[39m(jsArraySni
ppets[33m.[39mlength)[3
3m.[39m[34mtoEqual[39m(
[34m3[39m)[33m;[39m
    [90m141| [39m      e
xpect(jsArraySnippets.map(
({ snippetId }) => 
snippetId).sort())ΓÇª
    [90m   | [39m       
                          
                          
            [31m^[39m
    [90m142| [39m       
 [
    [90m143| [39m       
   [32m'js/s/array-groupi
ng'[39m[33m,[39m

[31m[2mΓÄ»ΓÄ»ΓÄ»ΓÄ»ΓÄ»ΓÄ
»ΓÄ»ΓÄ»ΓÄ»ΓÄ»ΓÄ»ΓÄ»ΓÄ»ΓÄ»Γ
Ä»ΓÄ»ΓÄ»ΓÄ»ΓÄ»ΓÄ»ΓÄ»ΓÄ»ΓÄ»
[4/16]ΓÄ»[22m[39m

[31m[1m[7m FAIL 
[27m[22m[39m spec/lib/c
ontentUtils/contentUtils.t
est.js[2m > [22mContentU
tils.prepareContent[2m > 
[22mshould output the 
correct collection 
snippet data[2m > 
[22mshould output the 
correct collection 
snippet objects for 
specific snippet ids[2m 
> [22mshould output the 
correct collection 
snippets
[31m[1mAssertionError[2
2m: expected +0 to deeply 
equal 3[39m

[32m- Expected[39m
[31m+ Received[39m

[32m- 3[39m
[31m+ 0[39m

[36m [2mΓ¥»[22m spec/li
b/contentUtils/contentUtil
s.test.js:[2m156:47[22m
[39m
    [90m154| [39m
    [90m155| [39m      
[34mit[39m([32m'should 
output the correct 
collection 
snippets'[39m[33m,[39m 
() [33m=>[39m {
    [90m156| [39m       
 [34mexpect[39m(jsArrayM
ethodsSnippets[33m.[39ml
ength)[33m.[39m[34mtoEq
ual[39m([34m3[39m)[33m
;[39m
    [90m   | [39m       
                          
             [31m^[39m
    [90m157| [39m       
 [34mexpect[39m(
    [90m158| [39m       
   jsArrayMethodsSnippets
[33m.[39m[34mmap[39m(({
 snippetId }) 
[33m=>[39m snippetId)

[31m[2mΓÄ»ΓÄ»ΓÄ»ΓÄ»ΓÄ»ΓÄ
»ΓÄ»ΓÄ»ΓÄ»ΓÄ»ΓÄ»ΓÄ»ΓÄ»ΓÄ»Γ
Ä»ΓÄ»ΓÄ»ΓÄ»ΓÄ»ΓÄ»ΓÄ»ΓÄ»ΓÄ»
[5/16]ΓÄ»[22m[39m

[31m[1m[7m FAIL 
[27m[22m[39m spec/lib/c
ontentUtils/contentUtils.t
est.js[2m > [22mContentU
tils.prepareContent[2m > 
[22mshould output the 
correct collection 
snippet data[2m > 
[22mshould output the 
correct collection 
snippet objects for 
specific snippet ids[2m 
> [22mshould output the 
collection snippets in 
the right order
[31m[1mTypeError[22m: 
Cannot read properties of 
undefined (reading 
'snippetId')[39m
[36m [2mΓ¥»[22m spec/li
b/contentUtils/contentUtil
s.test.js:[2m169:13[22m
[39m
    [90m167| [39m       
 [34mexpect[39m(
    [90m168| [39m       
   jsArrayMethodsSnippets
[33m.[39m[34mfind[39m((
{ position }) 
[33m=>[39m position 
[33m===[39m [34m0[39m)
    [90m169| [39m       
     [33m.[39msnippetId
    [90m   | [39m       
     [31m^[39m
    [90m170| [39m       
 )[33m.[39m[34mtoBe[39
m([32m'js/s/array-map-for
each'[39m)[33m;[39m
    [90m171| [39m       
 [34mexpect[39m(

[31m[2mΓÄ»ΓÄ»ΓÄ»ΓÄ»ΓÄ»ΓÄ
»ΓÄ»ΓÄ»ΓÄ»ΓÄ»ΓÄ»ΓÄ»ΓÄ»ΓÄ»Γ
Ä»ΓÄ»ΓÄ»ΓÄ»ΓÄ»ΓÄ»ΓÄ»ΓÄ»ΓÄ»
[6/16]ΓÄ»[22m[39m

[31m[1m[7m FAIL 
[27m[22m[39m spec/lib/c
ontentUtils/contentUtils.t
est.js[2m > [22mContentU
tils.prepareContent[2m > 
[22mshould output the 
correct snippet data[2m 
> [22mshould output the 
correct snippet ids
[31m[1mAssertionError[2
2m: expected [ ΓÇª(7) ] 
to deeply equal [ ΓÇª(7) 
][39m

[32m- Expected[39m
[31m+ Received[39m

[2m  [[22m
[32m-   "articles/s/web-d
evelopment-tips",[39m
[32m-   "css/s/content-ce
ntering",[39m
[32m-   
"css/s/css-reset",[39m
[32m-   
"js/s/array-compare",[39m
[32m-   "js/s/array-group
ing",[39m
[32m-   "js/s/array-initi
alize",[39m
[32m-   "js/s/array-map-f
oreach",[39m
[31m+   "spec\\fixtures\\
content\\snippets\\article
s\\s\\web-development-tips
",[39m
[31m+   "spec\\fixtures\\
content\\snippets\\css\\s\
\content-centering",[39m
[31m+   "spec\\fixtures\\
content\\snippets\\css\\s\
\css-reset",[39m
[31m+   "spec\\fixtures\\
content\\snippets\\js\\s\\
array-compare",[39m
[31m+   "spec\\fixtures\\
content\\snippets\\js\\s\\
array-grouping",[39m
[31m+   "spec\\fixtures\\
content\\snippets\\js\\s\\
array-initialize",[39m
[31m+   "spec\\fixtures\\
content\\snippets\\js\\s\\
array-map-foreach",[39m
[2m  ][22m

[36m [2mΓ¥»[22m spec/li
b/contentUtils/contentUtil
s.test.js:[2m191:54[22m
[39m
    [90m189| [39m
    [90m190| [39m    
[34mit[39m([32m'should 
output the correct 
snippet 
ids'[39m[33m,[39m () 
[33m=>[39m {
    [90m191| [39m      
[34mexpect[39m(snippetDat
a[33m.[39m[34mmap[39m(
({ id }) [33m=>[39m id)
[33m.[39m[34msort[39m()
)[33m.[39m[34mtoEqual[
39m(
    [90m   | [39m       
                          
                    
[31m^[39m
    [90m192| [39m       
 [
    [90m193| [39m       
   [32m'articles/s/web-de
velopment-tips'[39m[33m,
[39m

[31m[2mΓÄ»ΓÄ»ΓÄ»ΓÄ»ΓÄ»ΓÄ
»ΓÄ»ΓÄ»ΓÄ»ΓÄ»ΓÄ»ΓÄ»ΓÄ»ΓÄ»Γ
Ä»ΓÄ»ΓÄ»ΓÄ»ΓÄ»ΓÄ»ΓÄ»ΓÄ»ΓÄ»
[7/16]ΓÄ»[22m[39m

[31m[1m[7m FAIL 
[27m[22m[39m spec/lib/c
ontentUtils/contentUtils.t
est.js[2m > [22mContentU
tils.prepareContent[2m > 
[22mshould output the 
correct snippet data[2m 
> [22mshould match to 
the correct languageId
[31m[1mAssertionError[2
2m: expected 'javascript' 
to be null // Object.is 
equality[39m

[32m- Expected:[39m 
null

[31m+ Received:[39m 
"javascript"

[36m [2mΓ¥»[22m spec/li
b/contentUtils/contentUtil
s.test.js:[2m224:30[22m
[39m
    [90m222| [39m       
   [34mexpect[39m(langua
geId)[33m.[39m[34mtoBe
[39m([32m'css'[39m)[33m
;[39m
    [90m223| [39m       
 } [35melse[39m {
    [90m224| [39m       
   [34mexpect[39m(langua
geId)[33m.[39m[34mtoBe
[39m([35mnull[39m)[33m;
[39m
    [90m   | [39m       
                      
[31m^[39m
    [90m225| [39m       
 }
    [90m226| [39m      
})[33m;[39m
[90m [2mΓ¥»[22m spec/li
b/contentUtils/contentUtil
s.test.js:[2m218:19[22m
[39m

[31m[2mΓÄ»ΓÄ»ΓÄ»ΓÄ»ΓÄ»ΓÄ
»ΓÄ»ΓÄ»ΓÄ»ΓÄ»ΓÄ»ΓÄ»ΓÄ»ΓÄ»Γ
Ä»ΓÄ»ΓÄ»ΓÄ»ΓÄ»ΓÄ»ΓÄ»ΓÄ»ΓÄ»
[8/16]ΓÄ»[22m[39m

[31m[1m[7m FAIL 
[27m[22m[39m spec/lib/c
ontentUtils/contentUtils.t
est.js[2m > [22mContentU
tils.prepareContent[2m > 
[22mshould output the 
correct snippet data[2m 
> [22mshould produce the 
correct listed attribute
[31m[1mAssertionError[2
2m: expected 'spec\fixture
s\content\snippets\articlΓ
Çª' to be 'articles/s/web-
development-tips' // 
Object.is equality[39m

Expected: [32m"articles[
7m/s/[27mweb-development-
tips"[39m
Received: [31m"[7mspec\f
ixtures\content\snippets\
[27marticles[7m\s\[27mwe
b-development-tips"[39m

[36m [2mΓ¥»[22m spec/li
b/contentUtils/contentUtil
s.test.js:[2m234:38[22m
[39m
    [90m232| [39m      
[34mexpect[39m(listedSnip
pets[33m.[39mlength)[33
m.[39m[34mtoEqual[39m(
[34m6[39m)[33m;[39m
    [90m233| [39m      
[34mexpect[39m(unlistedSn
ippets[33m.[39mlength)[
33m.[39m[34mtoEqual[39m
([34m1[39m)[33m;[39m
    [90m234| [39m      e
xpect(unlistedSnippets[0].
id).toBe('articles/s/web-d
evelopment-ΓÇª
    [90m   | [39m       
                          
    [31m^[39m
    [90m235| [39m    
})[33m;[39m
    [90m236| [39m

[31m[2mΓÄ»ΓÄ»ΓÄ»ΓÄ»ΓÄ»ΓÄ
»ΓÄ»ΓÄ»ΓÄ»ΓÄ»ΓÄ»ΓÄ»ΓÄ»ΓÄ»Γ
Ä»ΓÄ»ΓÄ»ΓÄ»ΓÄ»ΓÄ»ΓÄ»ΓÄ»ΓÄ»
[9/16]ΓÄ»[22m[39m

[31m[1m[7m FAIL 
[27m[22m[39m spec/lib/c
ontentUtils/contentUtils.t
est.js[2m > [22mContentU
tils.prepareContent[2m > 
[22mshould output the 
correct snippet data[2m 
> [22mMarkdown 
parsing[2m > [22mshould 
link inline code only if 
the language references 
match it
[31m[1mTypeError[22m: 
Cannot read properties of 
undefined (reading 
'content')[39m
[36m [2mΓ¥»[22m spec/li
b/contentUtils/contentUtil
s.test.js:[2m269:26[22m
[39m
    [90m267| [39m       
   ({ id }) [33m=>[39m 
id [33m===[39m [32m'art
icles/s/web-development-ti
ps'[39m
    [90m268| [39m       
 )[33m;[39m
    [90m269| [39m       
 [34mexpect[39m(jsSnippe
t[33m.[39mcontent)[33m.
[39m[34mtoContain[39m(a
rrayFromReference)[33m;[
39m
    [90m   | [39m       
                  
[31m^[39m
    [90m270| [39m       
 [34mexpect[39m(noJsSnip
pet[33m.[39mcontent)[33
m.[39mnot[33m.[39m[34m
toContain[39m(arrayFromRe
ference)[33m;[39m
    [90m271| [39m      
})[33m;[39m

[31m[2mΓÄ»ΓÄ»ΓÄ»ΓÄ»ΓÄ»ΓÄ
»ΓÄ»ΓÄ»ΓÄ»ΓÄ»ΓÄ»ΓÄ»ΓÄ»ΓÄ»Γ
Ä»ΓÄ»ΓÄ»ΓÄ»ΓÄ»ΓÄ»ΓÄ»ΓÄ»[10
/16]ΓÄ»[22m[39m

[31m[1m[7m FAIL 
[27m[22m[39m spec/lib/c
ontentUtils/contentUtils.t
est.js[2m > [22mContentU
tils.prepareContent[2m > 
[22mshould output the 
correct snippet data[2m 
> [22mMarkdown 
parsing[2m > [22mshould 
safeguard only external 
links
[31m[1mTypeError[22m: 
Cannot read properties of 
undefined (reading 
'content')[39m
[36m [2mΓ¥»[22m spec/li
b/contentUtils/contentUtil
s.test.js:[2m280:36[22m
[39m


[31m[2mΓÄ»ΓÄ»ΓÄ»ΓÄ»ΓÄ»ΓÄ
»ΓÄ»ΓÄ»ΓÄ»ΓÄ»ΓÄ»ΓÄ»ΓÄ»ΓÄ»Γ
Ä»ΓÄ»ΓÄ»ΓÄ»ΓÄ»ΓÄ»ΓÄ»ΓÄ»[11
/16]ΓÄ»[22m[39m

[31m[1m[7m FAIL 
[27m[22m[39m spec/lib/c
ontentUtils/contentUtils.t
est.js[2m > [22mContentU
tils.prepareContent[2m > 
[22mshould output the 
correct snippet data[2m 
> [22mMarkdown 
parsing[2m > [22mshould 
transform headings
[31m[1mTypeError[22m: 
Cannot read properties of 
undefined (reading 
'content')[39m
[36m [2mΓ¥»[22m spec/li
b/contentUtils/contentUtil
s.test.js:[2m292:36[22m
[39m


[31m[2mΓÄ»ΓÄ»ΓÄ»ΓÄ»ΓÄ»ΓÄ
»ΓÄ»ΓÄ»ΓÄ»ΓÄ»ΓÄ»ΓÄ»ΓÄ»ΓÄ»Γ
Ä»ΓÄ»ΓÄ»ΓÄ»ΓÄ»ΓÄ»ΓÄ»ΓÄ»[12
/16]ΓÄ»[22m[39m

[31m[1m[7m FAIL 
[27m[22m[39m spec/lib/c
ontentUtils/contentUtils.t
est.js[2m > [22mContentU
tils.prepareContent[2m > 
[22mshould output the 
correct snippet data[2m 
> [22mMarkdown 
parsing[2m > [22mshould 
transform image paths
[31m[1mTypeError[22m: 
Cannot read properties of 
undefined (reading 
'content')[39m
[36m [2mΓ¥»[22m spec/li
b/contentUtils/contentUtil
s.test.js:[2m301:34[22m
[39m
    [90m299| [39m       
   ({ id }) [33m=>[39m 
id [33m===[39m [32m'art
icles/s/web-development-ti
ps'[39m
    [90m300| [39m       
 )[33m;[39m
    [90m301| [39m       
 [34mexpect[39m(snippetW
ithImages[33m.[39mconten
t)[33m.[39m[34mtoContai
n[39m(
    [90m   | [39m       
                          
[31m^[39m
    [90m302| [39m       
   '<img src="/assets/illu
strations/flexbox-diagram.
svg" alt="DΓÇª
    [90m303| [39m       
 )[33m;[39m

[31m[2mΓÄ»ΓÄ»ΓÄ»ΓÄ»ΓÄ»ΓÄ
»ΓÄ»ΓÄ»ΓÄ»ΓÄ»ΓÄ»ΓÄ»ΓÄ»ΓÄ»Γ
Ä»ΓÄ»ΓÄ»ΓÄ»ΓÄ»ΓÄ»ΓÄ»ΓÄ»[13
/16]ΓÄ»[22m[39m

[31m[1m[7m FAIL 
[27m[22m[39m spec/lib/c
ontentUtils/contentUtils.t
est.js[2m > [22mContentU
tils.prepareContent[2m > 
[22mshould output the 
correct snippet data[2m 
> [22mMarkdown 
parsing[2m > [22mshould 
wrap tables
[31m[1mTypeError[22m: 
Cannot read properties of 
undefined (reading 
'content')[39m
[36m [2mΓ¥»[22m spec/li
b/contentUtils/contentUtil
s.test.js:[2m310:34[22m
[39m
    [90m308| [39m       
   ({ id }) [33m=>[39m 
id [33m===[39m [32m'art
icles/s/web-development-ti
ps'[39m
    [90m309| [39m       
 )[33m;[39m
    [90m310| [39m       
 [34mexpect[39m(snippetW
ithTables[33m.[39mconten
t)[33m.[39m[34mtoContai
n[39m(
    [90m   | [39m       
                          
[31m^[39m
    [90m311| [39m       
   [32m'<figure class="ta
ble-wrapper"><table>'[39m
    [90m312| [39m       
 )[33m;[39m

[31m[2mΓÄ»ΓÄ»ΓÄ»ΓÄ»ΓÄ»ΓÄ
»ΓÄ»ΓÄ»ΓÄ»ΓÄ»ΓÄ»ΓÄ»ΓÄ»ΓÄ»Γ
Ä»ΓÄ»ΓÄ»ΓÄ»ΓÄ»ΓÄ»ΓÄ»ΓÄ»[14
/16]ΓÄ»[22m[39m

[31m[1m[7m FAIL 
[27m[22m[39m spec/lib/c
ontentUtils/contentUtils.t
est.js[2m > [22mContentU
tils.prepareContent[2m > 
[22mshould output the 
correct snippet data[2m 
> [22mMarkdown 
parsing[2m > [22mshould 
embed codepens from links
[31m[1mTypeError[22m: 
Cannot read properties of 
undefined (reading 
'content')[39m
[36m [2mΓ¥»[22m spec/li
b/contentUtils/contentUtil
s.test.js:[2m319:34[22m
[39m
    [90m317| [39m       
   ({ id }) [33m=>[39m 
id [33m===[39m [32m'css
/s/content-centering'[39m
    [90m318| [39m       
 )[33m;[39m
    [90m319| [39m       
 expect(snippetWithTables.
content).toContain('<p 
class="codepenΓÇª
    [90m   | [39m       
                          
[31m^[39m
    [90m320| [39m       
 [34mexpect[39m(snippetW
ithTables[33m.[39mconten
t)[33m.[39m[34mtoContai
n[39m(
    [90m321| [39m       
   '<span>See the <a href=
"https://codepen.io/chalar
angelo/pen/ΓÇª

[31m[2mΓÄ»ΓÄ»ΓÄ»ΓÄ»ΓÄ»ΓÄ
»ΓÄ»ΓÄ»ΓÄ»ΓÄ»ΓÄ»ΓÄ»ΓÄ»ΓÄ»Γ
Ä»ΓÄ»ΓÄ»ΓÄ»ΓÄ»ΓÄ»ΓÄ»ΓÄ»[15
/16]ΓÄ»[22m[39m

[31m[1m[7m FAIL 
[27m[22m[39m spec/lib/c
ontentUtils/contentUtils.t
est.js[2m > [22mContentU
tils.prepareContent[2m > 
[22mshould output the 
correct snippet data[2m 
> [22mMarkdown 
parsing[2m > [22mshould 
transform admonitions
[31m[1mTypeError[22m: 
Cannot read properties of 
undefined (reading 
'content')[39m
[36m [2mΓ¥»[22m spec/li
b/contentUtils/contentUtil
s.test.js:[2m332:39[22m
[39m
    [90m330| [39m       
   ({ id }) [33m=>[39m 
id [33m===[39m [32m'art
icles/s/web-development-ti
ps'[39m
    [90m331| [39m       
 )[33m;[39m
    [90m332| [39m       
 [34mexpect[39m(snippetW
ithAdmonitions[33m.[39mc
ontent)[33m.[39m[34mtoC
ontain[39m(
    [90m   | [39m       
                          
     [31m^[39m
    [90m333| [39m       
   [32m'<figcaption>≡ƒÆí 
 Tip</figcaption>'[39m
    [90m334| [39m       
 )[33m;[39m

[31m[2mΓÄ»ΓÄ»ΓÄ»ΓÄ»ΓÄ»ΓÄ
»ΓÄ»ΓÄ»ΓÄ»ΓÄ»ΓÄ»ΓÄ»ΓÄ»ΓÄ»Γ
Ä»ΓÄ»ΓÄ»ΓÄ»ΓÄ»ΓÄ»ΓÄ»ΓÄ»[16
/16]ΓÄ»[22m[39m


[2m Test Files [22m [1m[31m1 failed[39m[22m[2m | [22m[1m[32m14 passed[39m[22m[90m (15)[39m
[2m      Tests [22m [1m[31m16 failed[39m[22m[2m | [22m[1m[32m167 passed[39m[22m[2m | [22m[33m1 skipped[39m[90m (184)[39m
[2m   Start at [22m 02:38:29
[2m   Duration [22m 2.89s[2m (transform 1.15s, setup 0ms, collect 11.31s, tests 209ms, environment 6ms, prepare 3.42s)[22m

